Microchip MPLAB XC8 Compiler V2.00 ()

Linker command line:

-W-3 --edf=C:\Program Files (x86)\Microchip\xc8\v2.00\pic\dat\en_msgs.txt \
  -cs -h+dist/default/production\interfacing_HCSR04.X.production.sym \
  --cmf=dist/default/production\interfacing_HCSR04.X.production.cmf -z \
  -Q16F887 -oC:\Users\ngoc vu\AppData\Local\Temp\s7uc.2 \
  --defsym=__MPLAB_BUILD=1 \
  -Mdist/default/production/interfacing_HCSR04.X.production.map -E1 \
  -ver=XC8 --acfsm=1493 -ASTACK=0110h-016fh -pstack=STACK \
  -ACODE=00h-07FFhx4 -ASTRCODE=00h-01FFFh -ASTRING=00h-0FFhx32 \
  -ACONST=00h-0FFhx32 -AENTRY=00h-0FFhx32 -ACOMMON=070h-07Fh \
  -ABANK0=020h-06Fh -ABANK1=0A0h-0EFh -ABANK2=0110h-016Fh \
  -ABANK3=0190h-01EFh -ARAM=020h-06Fh,0A0h-0EFh,0110h-016Fh,0190h-01EFh \
  -AABS1=020h-07Fh,0A0h-0EFh,0110h-016Fh,0190h-01EFh -ASFR0=00h-01Fh \
  -ASFR1=080h-09Fh -ASFR2=0100h-010Fh -ASFR3=0180h-018Fh \
  -preset_vec=00h,intentry,init,end_init -ppowerup=CODE -pcinit=CODE \
  -pfunctab=ENTRY -ACONFIG=02007h-02008h -pconfig=CONFIG -DCONFIG=2 \
  -AIDLOC=02000h-02003h -pidloc=IDLOC -DIDLOC=2 -AEEDATA=00h-0FFh/02100h \
  -peeprom_data=EEDATA -DEEDATA=2 -DCODE=2 -DSTRCODE=2 -DSTRING=2 -DCONST=2 \
  -DENTRY=2 -k C:\Users\ngoc vu\AppData\Local\Temp\s7uc.o \
  dist/default/production\interfacing_HCSR04.X.production.o 

Object code version is 3.11

Machine type is 16F887



                Name                               Link     Load   Length Selector   Space Scale
C:\Users\ngoc vu\AppData\Local\Temp\s7uc.o
                end_init                              0        0        3        0       0
                config                             2007     2007        2     400E       0
dist/default/production\interfacing_HCSR04.X.production.o
                cinit                               7FC      7FC        4      FF8       0
                text3                               5F3      5F3      209      BE6       0
                text2                               3B6      3B6       9C      76C       0
                text1                               452      452       C2      8A4       0
                maintext                            514      514       DF      A28       0
                cstackBANK0                          20       20       2A       20       1
                cstackCOMMON                         70       70        E       70       1

TOTAL           Name                               Link     Load   Length     Space
        CLASS   STACK          

        CLASS   CODE           
                end_init                              0        0        3         0
                cinit                               7FC      7FC        4         0
                text3                               5F3      5F3      209         0
                text2                               3B6      3B6       9C         0
                text1                               452      452       C2         0
                maintext                            514      514       DF         0

        CLASS   STRCODE        

        CLASS   STRING         

        CLASS   CONST          

        CLASS   ENTRY          

        CLASS   COMMON         
                cstackCOMMON                         70       70        E         1

        CLASS   BANK0          
                cstackBANK0                          20       20       2A         1

        CLASS   BANK1          

        CLASS   BANK2          

        CLASS   BANK3          

        CLASS   RAM            

        CLASS   ABS1           
                abs_s1                               7E       7E        2         1

        CLASS   SFR0           

        CLASS   SFR1           

        CLASS   SFR2           

        CLASS   SFR3           

        CLASS   CONFIG         
                config                             2007     2007        2         0

        CLASS   IDLOC          

        CLASS   EEDATA         



SEGMENTS        Name                           Load    Length   Top    Selector   Space  Class     Delta

                reset_vec                      000000  000003  000003         0       0  CODE        2
                cstackBANK0                    000020  00002A  00004A        20       1  BANK0       1
                cstackCOMMON                   000070  00000E  00007E        70       1  COMMON      1
                text2                          0003B6  00009C  000452       76C       0  CODE        2
                text1                          000452  0000C2  000514       8A4       0  CODE        2
                maintext                       000514  0000DF  0005F3       A28       0  CODE        2
                text3                          0005F3  000209  0007FC       BE6       0  CODE        2
                cinit                          0007FC  000004  000800       FF8       0  CODE        2
                config                         002007  000002  002009      400E       0  CONFIG      2


UNUSED ADDRESS RANGES

        Name                Unused          Largest block    Delta
        BANK0            004A-006F             26           1
        BANK1            00A0-00EF             50           1
        BANK2            0110-016F             60           1
        BANK3            0190-01EF             60           1
        CODE             0003-03B5            3B3           2
                         0800-1FFF            800
        CONST            0003-03B5            100           2
                         0800-1FFF            100
        EEDATA           2100-21FF            100           2
        ENTRY            0003-03B5            100           2
                         0800-1FFF            100
        IDLOC            2000-2003              4           2
        RAM              004A-006F             26           1
                         00A0-00EF             50
                         0110-016F             60
                         0190-01EF             60
        SFR0             0000-001F             20           1
        SFR1             0080-009F             20           1
        SFR2             0100-010F             10           1
        SFR3             0180-018F             10           1
        STACK            0110-016F             60           1
        STRCODE          0003-03B5            3B3           2
                         0800-1FFF           1800
        STRING           0003-03B5            100           2
                         0800-1FFF            100

                                  Symbol Table

?___fldiv                cstackBANK0  0020
?___fltol                cstackBANK0  003A
?___xxtofl               cstackCOMMON 0070
_PORTAbits               (abs)        0005
_RB0                     (abs)        0030
_RB4                     (abs)        0034
_T1CON                   (abs)        0010
_TMR1H                   (abs)        000F
_TMR1L                   (abs)        000E
_TMR1ON                  (abs)        0080
_TRISA                   (abs)        0085
_TRISB                   (abs)        0086
__CFG_BOREN$ON           (abs)        0000
__CFG_CP$OFF             (abs)        0000
__CFG_CPD$OFF            (abs)        0000
__CFG_FOSC$HS            (abs)        0000
__CFG_LVP$OFF            (abs)        0000
__CFG_PWRTE$OFF          (abs)        0000
__CFG_WDTE$OFF           (abs)        0000
__CFG_WRT$OFF            (abs)        0000
__Habs1                  abs1         0000
__Hbank0                 bank0        0000
__Hbank1                 bank1        0000
__Hbank2                 bank2        0000
__Hbank3                 bank3        0000
__Hcinit                 cinit        0800
__Hclrtext               clrtext      0000
__Hcode                  code         0000
__Hcommon                common       0000
__Hconfig                config       2009
__HcstackBANK0           cstackBANK0  0000
__HcstackCOMMON          cstackCOMMON 0000
__Heeprom_data           eeprom_data  0000
__Hend_init              end_init     0003
__Hfunctab               functab      0000
__Hidloc                 idloc        0000
__Hinit                  init         0000
__Hintentry              intentry     0000
__Hmaintext              maintext     0000
__Hpowerup               powerup      0000
__Hram                   ram          0000
__Hreset_vec             reset_vec    0000
__Hsfr0                  sfr0         0000
__Hsfr1                  sfr1         0000
__Hsfr2                  sfr2         0000
__Hsfr3                  sfr3         0000
__Hspace_0               (abs)        2009
__Hspace_1               (abs)        007E
__Hspace_2               (abs)        0000
__Hspace_3               (abs)        0000
__Hstack                 stack        0000
__Hstrings               strings      0000
__Htext                  text         0000
__Labs1                  abs1         0000
__Lbank0                 bank0        0000
__Lbank1                 bank1        0000
__Lbank2                 bank2        0000
__Lbank3                 bank3        0000
__Lcinit                 cinit        07FC
__Lclrtext               clrtext      0000
__Lcode                  code         0000
__Lcommon                common       0000
__Lconfig                config       2007
__LcstackBANK0           cstackBANK0  0000
__LcstackCOMMON          cstackCOMMON 0000
__Leeprom_data           eeprom_data  0000
__Lend_init              end_init     0000
__Lfunctab               functab      0000
__Lidloc                 idloc        0000
__Linit                  init         0000
__Lintentry              intentry     0000
__Lmaintext              maintext     0000
__Lpowerup               powerup      0000
__Lram                   ram          0000
__Lreset_vec             reset_vec    0000
__Lsfr0                  sfr0         0000
__Lsfr1                  sfr1         0000
__Lsfr2                  sfr2         0000
__Lsfr3                  sfr3         0000
__Lspace_0               (abs)        0000
__Lspace_1               (abs)        0000
__Lspace_2               (abs)        0000
__Lspace_3               (abs)        0000
__Lstack                 stack        0000
__Lstrings               strings      0000
__Ltext                  text         0000
__S0                     (abs)        2009
__S1                     (abs)        007E
__S2                     (abs)        0000
__S3                     (abs)        0000
___fldiv                 text3        05F3
___fldiv@a               cstackBANK0  0020
___fldiv@aexp            cstackBANK0  0039
___fldiv@b               cstackBANK0  0024
___fldiv@bexp            cstackBANK0  0038
___fldiv@grs             cstackBANK0  0034
___fldiv@new_exp         cstackBANK0  0032
___fldiv@rem             cstackBANK0  002D
___fldiv@sign            cstackBANK0  0031
___fltol                 text2        03B6
___fltol@exp1            cstackBANK0  0044
___fltol@f1              cstackBANK0  003A
___fltol@sign1           cstackBANK0  0043
___int_sp                stack        0000
___latbits               (abs)        0002
___sp                    stack        0000
___xxtofl                text1        0452
___xxtofl@arg            cstackCOMMON 007A
___xxtofl@exp            cstackCOMMON 0079
___xxtofl@sign           cstackCOMMON 0078
___xxtofl@val            cstackCOMMON 0070
__end_of___fldiv         text3        07FC
__end_of___fltol         text2        0452
__end_of___xxtofl        text1        0514
__end_of__initialization cinit        07FC
__end_of_main            maintext     05F3
__initialization         cinit        07FC
__pcstackBANK0           cstackBANK0  0020
__pcstackCOMMON          cstackCOMMON 0070
__pmaintext              maintext     0514
__ptext1                 text1        0452
__ptext2                 text2        03B6
__ptext3                 text3        05F3
__size_of___fldiv        (abs)        0000
__size_of___fltol        (abs)        0000
__size_of___xxtofl       (abs)        0000
__size_of_main           (abs)        0000
_main                    maintext     0514
btemp                    (abs)        007E
end_of_initialization    cinit        07FC
intlevel0                functab      0000
intlevel1                functab      0000
intlevel2                functab      0000
intlevel3                functab      0000
intlevel4                functab      0000
intlevel5                functab      0000
main@a                   cstackBANK0  0048
reset_vec                reset_vec    0000
stackhi                  (abs)        0000
stacklo                  (abs)        0000
start                    init         0000
start_initialization     cinit        07FC
wtemp0                   (abs)        007E


FUNCTION INFORMATION:

 *************** function _main *****************
 Defined at:
		line 30 in file "interfacing HCSR04.c"
 Parameters:    Size  Location     Type
		None
 Auto vars:     Size  Location     Type
  a               2   40[BANK0 ] int 
 Return value:  Size  Location     Type
                  1    wreg      void 
 Registers used:
		wreg, status,2, status,0, btemp+1, pclath, cstack
 Tracked objects:
		On entry : 
		On exit  : 
		Unchanged: 
 Data sizes:     COMMON   BANK0   BANK1   BANK3   BANK2
      Params:         0       0       0       0       0
      Locals:         0       2       0       0       0
      Temps:          0       3       0       0       0
      Totals:         0       5       0       0       0
Total ram usage:        5 bytes
 Hardware stack levels required when called:    1
 This function calls:
		___fldiv
		___fltol
		___xxtofl
 This function is called by:
		Startup code after reset
 This function uses a non-reentrant model


 *************** function ___xxtofl *****************
 Defined at:
		line 10 in file "C:\Program Files (x86)\Microchip\xc8\v2.00\pic\sources\c90\common\xxtofl.c"
 Parameters:    Size  Location     Type
  sign            1    wreg     unsigned char 
  val             4    0[COMMON] long 
 Auto vars:     Size  Location     Type
  sign            1    8[COMMON] unsigned char 
  arg             4   10[COMMON] unsigned long 
  exp             1    9[COMMON] unsigned char 
 Return value:  Size  Location     Type
                  4    0[COMMON] unsigned char 
 Registers used:
		wreg, status,2, status,0
 Tracked objects:
		On entry : 
		On exit  : 
		Unchanged: 
 Data sizes:     COMMON   BANK0   BANK1   BANK3   BANK2
      Params:         4       0       0       0       0
      Locals:         6       0       0       0       0
      Temps:          4       0       0       0       0
      Totals:        14       0       0       0       0
Total ram usage:       14 bytes
 Hardware stack levels used:    1
 This function calls:
		Nothing
 This function is called by:
		_main
 This function uses a non-reentrant model


 *************** function ___fltol *****************
 Defined at:
		line 43 in file "C:\Program Files (x86)\Microchip\xc8\v2.00\pic\sources\c90\common\fltol.c"
 Parameters:    Size  Location     Type
  f1              4   26[BANK0 ] unsigned char 
 Auto vars:     Size  Location     Type
  exp1            1   36[BANK0 ] unsigned char 
  sign1           1   35[BANK0 ] unsigned char 
 Return value:  Size  Location     Type
                  4   26[BANK0 ] long 
 Registers used:
		wreg, status,2, status,0
 Tracked objects:
		On entry : 
		On exit  : 
		Unchanged: 
 Data sizes:     COMMON   BANK0   BANK1   BANK3   BANK2
      Params:         0       4       0       0       0
      Locals:         0       2       0       0       0
      Temps:          0       5       0       0       0
      Totals:         0      11       0       0       0
Total ram usage:       11 bytes
 Hardware stack levels used:    1
 This function calls:
		Nothing
 This function is called by:
		_main
 This function uses a non-reentrant model


 *************** function ___fldiv *****************
 Defined at:
		line 8 in file "C:\Program Files (x86)\Microchip\xc8\v2.00\pic\sources\c90\common\sprcdiv.c"
 Parameters:    Size  Location     Type
  a               4    0[BANK0 ] long 
  b               4    4[BANK0 ] long 
 Auto vars:     Size  Location     Type
  grs             4   20[BANK0 ] unsigned long 
  rem             4   13[BANK0 ] unsigned long 
  new_exp         2   18[BANK0 ] int 
  aexp            1   25[BANK0 ] unsigned char 
  bexp            1   24[BANK0 ] unsigned char 
  sign            1   17[BANK0 ] unsigned char 
 Return value:  Size  Location     Type
                  4    0[BANK0 ] unsigned char 
 Registers used:
		wreg, status,2, status,0, btemp+1
 Tracked objects:
		On entry : 
		On exit  : 
		Unchanged: 
 Data sizes:     COMMON   BANK0   BANK1   BANK3   BANK2
      Params:         0       8       0       0       0
      Locals:         0      13       0       0       0
      Temps:          0       5       0       0       0
      Totals:         0      26       0       0       0
Total ram usage:       26 bytes
 Hardware stack levels used:    1
 This function calls:
		Nothing
 This function is called by:
		_main
 This function uses a non-reentrant model



MODULE INFORMATION

Module		Function		Class		Link	Load	Size
C:\Program Files (x86)\Microchip\xc8\v2.00\pic\sources\c90\common\sprcdiv.c
		___fldiv       		CODE           	05F3	0000	522

C:\Program Files (x86)\Microchip\xc8\v2.00\pic\sources\c90\common\sprcdiv.c estimated size: 522

C:\Program Files (x86)\Microchip\xc8\v2.00\pic\sources\c90\common\fltol.c
		___fltol       		CODE           	03B6	0000	157

C:\Program Files (x86)\Microchip\xc8\v2.00\pic\sources\c90\common\fltol.c estimated size: 157

shared
		__initialization		CODE           	07FC	0000	1

shared estimated size: 1

C:\Program Files (x86)\Microchip\xc8\v2.00\pic\sources\c90\common\xxtofl.c
		___xxtofl      		CODE           	0452	0000	195

C:\Program Files (x86)\Microchip\xc8\v2.00\pic\sources\c90\common\xxtofl.c estimated size: 195

interfacing HCSR04.c
		_main          		CODE           	0514	0000	224

interfacing HCSR04.c estimated size: 224

